> ok

> ok

> [1 2 3 4 5]

> [9 9 9 9 9]

> saved as snapshot 1

> ok

> saved as snapshot 2

> ok

> [1 2 3 4 5 9]

> []

> 2
1

> ok

> 2

> ok

> [1 2 9]

> [ [1 9] [1 9] [1 9] [1 9] [1 9] [2 9] [2 9] [2 9] [2 9] [2 9] ]

> ok

> [ [1 9 1] [1 9 4] [1 9 7] [1 9 8] [1 9 3] [1 9 0] [1 9 0] [1 9 1] [1 9 4] [1 9 7] [1 9 8] [1 9 3] [1 9 0] [1 9 0] [1 9 1] [1 9 4] [1 9 7] [1 9 8] [1 9 3] [1 9 0] [1 9 0] [1 9 1] [1 9 4] [1 9 7] [1 9 8] [1 9 3] [1 9 0] [1 9 0] [1 9 1] [1 9 4] [1 9 7] [1 9 8] [1 9 3] [1 9 0] [1 9 0] [2 9 1] [2 9 4] [2 9 7] [2 9 8] [2 9 3] [2 9 0] [2 9 0] [2 9 1] [2 9 4] [2 9 7] [2 9 8] [2 9 3] [2 9 0] [2 9 0] [2 9 1] [2 9 4] [2 9 7] [2 9 8] [2 9 3] [2 9 0] [2 9 0] [2 9 1] [2 9 4] [2 9 7] [2 9 8] [2 9 3] [2 9 0] [2 9 0] [2 9 1] [2 9 4] [2 9 7] [2 9 8] [2 9 3] [2 9 0] [2 9 0] ]

> [ [1 1 9] [1 1 9] [1 1 9] [1 1 9] [1 1 9] [1 2 9] [1 2 9] [1 2 9] [1 2 9] [1 2 9] [4 1 9] [4 1 9] [4 1 9] [4 1 9] [4 1 9] [4 2 9] [4 2 9] [4 2 9] [4 2 9] [4 2 9] [7 1 9] [7 1 9] [7 1 9] [7 1 9] [7 1 9] [7 2 9] [7 2 9] [7 2 9] [7 2 9] [7 2 9] [8 1 9] [8 1 9] [8 1 9] [8 1 9] [8 1 9] [8 2 9] [8 2 9] [8 2 9] [8 2 9] [8 2 9] [3 1 9] [3 1 9] [3 1 9] [3 1 9] [3 1 9] [3 2 9] [3 2 9] [3 2 9] [3 2 9] [3 2 9] [0 1 9] [0 1 9] [0 1 9] [0 1 9] [0 1 9] [0 2 9] [0 2 9] [0 2 9] [0 2 9] [0 2 9] [0 1 9] [0 1 9] [0 1 9] [0 1 9] [0 1 9] [0 2 9] [0 2 9] [0 2 9] [0 2 9] [0 2 9] ]

> ok

> 1

> 5

> 15

> 5

> bye
